<h1>Text Tags</h1><p>x</p><br><hr><div>x</div><h1>x</h1><h2>x</h2><h3>x</h3><h4>x</h4><h5>x</h5><h6>x</h6><strong>x</strong><em>x</em><sub>x</sub><sup>x</sup><u>x</u><i>x</i><b>x</b><blockquote>x</blockquote><cite>x</cite><q>x</q><h1>Link and Image Tags with Attributes</h1><a href="https://example.com" name="" target="" title="" id="" rel="">x</a><img src="x.png" name="" alt="" height=""><h1>List Tags</h1><ul><li>x</li></ul><ol><li>x</li></ol><dl><dt>x</dt><dd>x</dd></dl><h1>Table Tags</h1><table><thead><tr><th>x</th></tr></thead><tbody><tr><td>x</td></tr></tbody><tfoot><tr><td>x</td></tr></tfoot></table><table><colgroup><col></colgroup></table><table><caption>x</caption></table><h1>Allowed To Be Empty</h1><hr><a></a><br><img><col><h1>Not Allowed To Be Empty</h1><h1>Text Tags</h1><h1>List Tags</h1><h1>Table Tags</h1>